<html>
<body>
<pre>
<h1>µVision Build Log</h1>
<h2>Tool Versions:</h2>
IDE-Version: ¦ÌVision V5.37.0.0
Copyright (C) 2022 ARM Ltd and ARM Germany GmbH. All rights reserved.
License Information: zhan feng, no, LIC=----
 
Tool Versions:
Toolchain:       MDK-Lite  Version: 5.37.0.0
Toolchain Path:  E:\keil\ARM\compiler5\Bin
C Compiler:      Armcc.exe V5.06 update 7 (build 960)
Assembler:       Armasm.exe V5.06 update 7 (build 960)
Linker/Locator:  ArmLink.exe V5.06 update 7 (build 960)
Library Manager: ArmAr.exe V5.06 update 7 (build 960)
Hex Converter:   FromElf.exe V5.06 update 7 (build 960)
CPU DLL:         SARMCM3.DLL V5.37.0.0
Dialog DLL:      DCM.DLL V1.17.5.0
Target DLL:      STLink\ST-LINKIII-KEIL_SWO.dll V3.0.9.0
Dialog DLL:      TCM.DLL V1.56.1.0
 
<h2>Project:</h2>
D:\stm32\tmp\codebook\DAC_TLV56XX\MDK-ARM\DAC_TLV56XX.uvprojx
Project File Date:  12/05/2022

<h2>Output:</h2>
*** Using Compiler 'V5.06 update 7 (build 960)', folder: 'E:\keil\ARM\compiler5\Bin'
Rebuild target 'DAC_TLV56XX'
assembling startup_stm32l476xx.s...
compiling stm32l4xx_hal_uart_ex.c...
compiling stm32l4xx_hal_tim_ex.c...
compiling stm32l4xx_hal.c...
compiling stm32l4xx_it.c...
compiling stm32l4xx_hal_i2c_ex.c...
compiling stm32l4xx_hal_msp.c...
compiling stm32l4xx_hal_tim.c...
compiling stm32l4xx_hal_i2c.c...
compiling stm32l4xx_hal_flash.c...
compiling stm32l4xx_hal_rcc.c...
compiling main.c...
compiling stm32l4xx_hal_flash_ex.c...
compiling stm32l4xx_hal_uart.c...
compiling stm32l4xx_hal_flash_ramfunc.c...
compiling stm32l4xx_hal_rcc_ex.c...
compiling system_stm32l4xx.c...
compiling stm32l4xx_hal_cortex.c...
compiling stm32l4xx_hal_dma_ex.c...
compiling stm32l4xx_hal_pwr.c...
compiling stm32l4xx_hal_gpio.c...
compiling stm32l4xx_hal_exti.c...
compiling stm32l4xx_hal_dma.c...
compiling TLV56XX.c...
compiling stm32l4xx_hal_pwr_ex.c...
linking...
Program Size: Code=10176 RO-data=496 RW-data=28 ZI-data=65228  
FromELF: creating hex file...
"DAC_TLV56XX\DAC_TLV56XX.axf" - 0 Error(s), 0 Warning(s).

<h2>Software Packages used:</h2>

Package Vendor: ARM
                http://www.keil.com/pack/ARM.CMSIS.5.9.0.pack
                ARM.CMSIS.5.9.0
                CMSIS (Common Microcontroller Software Interface Standard)
   * Component: CORE Version: 5.6.0

Package Vendor: Keil
                http://www.keil.com/pack/Keil.STM32L4xx_DFP.2.6.1.pack
                Keil.STM32L4xx_DFP.2.6.1
                STMicroelectronics STM32L4 Series Device Support, Drivers and Examples

<h2>Collection of Component include folders:</h2>
  ./RTE/_DAC_TLV56XX
  E:/keil_arm_pack/ARM/CMSIS/5.9.0/CMSIS/Core/Include
  E:/keil_arm_pack/Keil/STM32L4xx_DFP/2.6.1/Drivers/CMSIS/Device/ST/STM32L4xx/Include

<h2>Collection of Component Files used:</h2>

   * Component: ARM::CMSIS:CORE:5.6.0
      Include file:  CMSIS/Core/Include/tz_context.h
Build Time Elapsed:  00:00:10
</pre>
</body>
</html>
